Command line invocation:
    /Applications/Xcode.app/Contents/Developer/usr/bin/xcodebuild -workspace FuelFlex.xcworkspace -scheme FuelFlex -configuration Debug -derivedDataPath build CODE_SIGN_IDENTITY=- CODE_SIGNING_REQUIRED=NO

Build settings from command line:
    CODE_SIGN_IDENTITY = -
    CODE_SIGNING_REQUIRED = NO

Resolve Package Graph

Fetching from https://github.com/apple/swift-protobuf.git (cached)
skipping cache due to an error: Couldn’t fetch updates from remote repositories:
    fatal: cannot use bare repository '/Users/sdas4/Library/Caches/org.swift.swiftpm/repositories/swift-protobuf-88c150a7' (safe.bareRepository is 'explicit')
Fetching from https://github.com/google/app-check.git (cached)
skipping cache due to an error: Couldn’t fetch updates from remote repositories:
    fatal: cannot use bare repository '/Users/sdas4/Library/Caches/org.swift.swiftpm/repositories/app-check-bee8a00f' (safe.bareRepository is 'explicit')

Fetching from https://github.com/firebase/firebase-ios-sdk (cached)
skipping cache due to an error: Couldn’t fetch updates from remote repositories:
    fatal: cannot use bare repository '/Users/sdas4/Library/Caches/org.swift.swiftpm/repositories/firebase-ios-sdk-1072ecca' (safe.bareRepository is 'explicit')

Fetching from https://github.com/google/GoogleDataTransport.git (cached)
skipping cache due to an error: Couldn’t fetch updates from remote repositories:
    fatal: cannot use bare repository '/Users/sdas4/Library/Caches/org.swift.swiftpm/repositories/GoogleDataTransport-26106d20' (safe.bareRepository is 'explicit')

Fetching from https://github.com/google/GoogleUtilities.git (cached)
skipping cache due to an error: Couldn’t fetch updates from remote repositories:
    fatal: cannot use bare repository '/Users/sdas4/Library/Caches/org.swift.swiftpm/repositories/GoogleUtilities-5d0bbdf0' (safe.bareRepository is 'explicit')

Fetching from https://github.com/google/promises.git (cached)
skipping cache due to an error: Couldn’t fetch updates from remote repositories:
    fatal: cannot use bare repository '/Users/sdas4/Library/Caches/org.swift.swiftpm/repositories/promises-8c4acc3e' (safe.bareRepository is 'explicit')

Fetching from https://github.com/google/abseil-cpp-binary.git (cached)
skipping cache due to an error: Couldn’t fetch updates from remote repositories:
    fatal: cannot use bare repository '/Users/sdas4/Library/Caches/org.swift.swiftpm/repositories/abseil-cpp-binary-d18c01be' (safe.bareRepository is 'explicit')

Fetching from https://github.com/google/GoogleAppMeasurement.git (cached)
skipping cache due to an error: Couldn’t fetch updates from remote repositories:
    fatal: cannot use bare repository '/Users/sdas4/Library/Caches/org.swift.swiftpm/repositories/GoogleAppMeasurement-37058032' (safe.bareRepository is 'explicit')

Fetching from https://github.com/googleads/google-ads-on-device-conversion-ios-sdk (cached)
skipping cache due to an error: Couldn’t fetch updates from remote repositories:
    fatal: cannot use bare repository '/Users/sdas4/Library/Caches/org.swift.swiftpm/repositories/google-ads-on-device-conversion-ios-sdk-3a0884ed' (safe.bareRepository is 'explicit')

Fetching from https://github.com/firebase/leveldb.git (cached)
skipping cache due to an error: Couldn’t fetch updates from remote repositories:
    fatal: cannot use bare repository '/Users/sdas4/Library/Caches/org.swift.swiftpm/repositories/leveldb-a66e184b' (safe.bareRepository is 'explicit')

Fetching from https://github.com/google/grpc-binary.git (cached)
skipping cache due to an error: Couldn’t fetch updates from remote repositories:
    fatal: cannot use bare repository '/Users/sdas4/Library/Caches/org.swift.swiftpm/repositories/grpc-binary-ce96860d' (safe.bareRepository is 'explicit')

Fetching from https://github.com/firebase/nanopb.git (cached)
skipping cache due to an error: Couldn’t fetch updates from remote repositories:
    fatal: cannot use bare repository '/Users/sdas4/Library/Caches/org.swift.swiftpm/repositories/nanopb-22b0fa9d' (safe.bareRepository is 'explicit')

Fetching from https://github.com/google/gtm-session-fetcher.git (cached)
skipping cache due to an error: Couldn’t fetch updates from remote repositories:
    fatal: cannot use bare repository '/Users/sdas4/Library/Caches/org.swift.swiftpm/repositories/gtm-session-fetcher-23567c8d' (safe.bareRepository is 'explicit')

Fetching from https://github.com/google/interop-ios-for-google-sdks.git (cached)
skipping cache due to an error: Couldn’t fetch updates from remote repositories:
    fatal: cannot use bare repository '/Users/sdas4/Library/Caches/org.swift.swiftpm/repositories/interop-ios-for-google-sdks-3779b7b2' (safe.bareRepository is 'explicit')

Fetching from https://github.com/google/app-check.git (cached)

Fetching from https://github.com/firebase/leveldb.git (cached)

Fetching from https://github.com/google/abseil-cpp-binary.git (cached)

Fetching from https://github.com/firebase/firebase-ios-sdk (cached)

Fetching from https://github.com/google/GoogleUtilities.git (cached)

Fetching from https://github.com/googleads/google-ads-on-device-conversion-ios-sdk (cached)

Fetching from https://github.com/google/GoogleAppMeasurement.git (cached)

Creating working copy of package ‘abseil-cpp-binary’

Creating working copy of package ‘GoogleUtilities’

Creating working copy of package ‘app-check’

Creating working copy of package ‘leveldb’

Creating working copy of package ‘GoogleAppMeasurement’

Creating working copy of package ‘google-ads-on-device-conversion-ios-sdk’

Creating working copy of package ‘firebase-ios-sdk’

Fetching from https://github.com/google/grpc-binary.git (cached)

Fetching from https://github.com/google/promises.git (cached)

Fetching from https://github.com/apple/swift-protobuf.git (cached)

Fetching from https://github.com/google/gtm-session-fetcher.git (cached)

Creating working copy of package ‘grpc-binary’

Creating working copy of package ‘swift-protobuf’

Creating working copy of package ‘gtm-session-fetcher’

Checking out 3.2.0 of package ‘google-ads-on-device-conversion-ios-sdk’

Checking out 12.5.0 of package ‘GoogleAppMeasurement’

Checking out 8.1.0 of package ‘GoogleUtilities’

Checking out 1.22.5 of package ‘leveldb’

Checking out 11.2.0 of package ‘app-check’

Checking out 1.2024072200.0 of package ‘abseil-cpp-binary’

Checking out 1.33.3 of package ‘swift-protobuf’

Checking out 12.6.0 of package ‘firebase-ios-sdk’

Checking out 1.69.1 of package ‘grpc-binary’

Checking out 5.0.0 of package ‘gtm-session-fetcher’

Creating working copy of package ‘promises’

Fetching from https://github.com/google/GoogleDataTransport.git (cached)

Creating working copy of package ‘GoogleDataTransport’

Fetching from https://github.com/google/interop-ios-for-google-sdks.git (cached)

Fetching from https://github.com/firebase/nanopb.git (cached)

Creating working copy of package ‘interop-ios-for-google-sdks’

Creating working copy of package ‘nanopb’

Checking out 2.4.0 of package ‘promises’

Checking out 10.1.0 of package ‘GoogleDataTransport’

Checking out 101.0.0 of package ‘interop-ios-for-google-sdks’

Checking out 2.30910.0 of package ‘nanopb’


Resolved source packages:
  Promises: https://github.com/google/promises.git @ 2.4.0
  GoogleAdsOnDeviceConversion: https://github.com/googleads/google-ads-on-device-conversion-ios-sdk @ 3.2.0
  gRPC: https://github.com/google/grpc-binary.git @ 1.69.1
  abseil: https://github.com/google/abseil-cpp-binary.git @ 1.2024072200.0
  GoogleUtilities: https://github.com/google/GoogleUtilities.git @ 8.1.0
  GTMSessionFetcher: https://github.com/google/gtm-session-fetcher.git @ 5.0.0
  GoogleAppMeasurement: https://github.com/google/GoogleAppMeasurement.git @ 12.5.0
  nanopb: https://github.com/firebase/nanopb.git @ 2.30910.0
  leveldb: https://github.com/firebase/leveldb.git @ 1.22.5
  AppCheck: https://github.com/google/app-check.git @ 11.2.0
  SwiftProtobuf: https://github.com/apple/swift-protobuf.git @ 1.33.3
  Firebase: https://github.com/firebase/firebase-ios-sdk @ 12.6.0
  InteropForGoogle: https://github.com/google/interop-ios-for-google-sdks.git @ 101.0.0
  GoogleDataTransport: https://github.com/google/GoogleDataTransport.git @ 10.1.0

--- xcodebuild: WARNING: Using the first of multiple matching destinations:
{ platform:macOS, arch:arm64, variant:Designed for [iPad,iPhone], id:00006000-000869912123801E, name:My Mac }
{ platform:iOS, id:dvtdevice-DVTiPhonePlaceholder-iphoneos:placeholder, name:Any iOS Device }
{ platform:iOS Simulator, id:dvtdevice-DVTiOSDeviceSimulatorPlaceholder-iphonesimulator:placeholder, name:Any iOS Simulator Device }
{ platform:visionOS Simulator, arch:arm64, variant:Designed for [iPad,iPhone], id:7965A80B-3BAA-4783-9259-625A6F06FC24, OS:26.1, name:Apple Vision Pro }
{ platform:iOS Simulator, arch:arm64, id:91A175DE-58E6-48B6-995F-0E1B43ADE75F, OS:18.3.1, name:iPad (A16) }
{ platform:iOS Simulator, arch:x86_64, id:91A175DE-58E6-48B6-995F-0E1B43ADE75F, OS:18.3.1, name:iPad (A16) }
{ platform:iOS Simulator, arch:arm64, id:52FAE95F-DE0B-425F-8A2F-1DC00CDEA059, OS:26.1, name:iPad (A16) }
{ platform:iOS Simulator, arch:x86_64, id:52FAE95F-DE0B-425F-8A2F-1DC00CDEA059, OS:26.1, name:iPad (A16) }
{ platform:iOS Simulator, arch:arm64, id:A6FCB175-DDCF-4AFC-9B51-10E2059304A1, OS:18.3.1, name:iPad Air 11-inch (M3) }
{ platform:iOS Simulator, arch:x86_64, id:A6FCB175-DDCF-4AFC-9B51-10E2059304A1, OS:18.3.1, name:iPad Air 11-inch (M3) }
{ platform:iOS Simulator, arch:arm64, id:58BE13E0-787D-4D49-B122-7E09E0D212B1, OS:26.1, name:iPad Air 11-inch (M3) }
{ platform:iOS Simulator, arch:x86_64, id:58BE13E0-787D-4D49-B122-7E09E0D212B1, OS:26.1, name:iPad Air 11-inch (M3) }
{ platform:iOS Simulator, arch:arm64, id:AA68E884-EDBF-4A9A-A99A-9FB22FBB183B, OS:18.3.1, name:iPad Air 13-inch (M3) }
{ platform:iOS Simulator, arch:x86_64, id:AA68E884-EDBF-4A9A-A99A-9FB22FBB183B, OS:18.3.1, name:iPad Air 13-inch (M3) }
{ platform:iOS Simulator, arch:arm64, id:0D36A3BF-BBE4-4868-AF3E-F3B515506DBA, OS:26.1, name:iPad Air 13-inch (M3) }
{ platform:iOS Simulator, arch:x86_64, id:0D36A3BF-BBE4-4868-AF3E-F3B515506DBA, OS:26.1, name:iPad Air 13-inch (M3) }
{ platform:iOS Simulator, arch:arm64, id:0B350A38-2B3C-4613-9F6E-84C463DAD8D9, OS:18.3.1, name:iPad Pro (11-inch) (4th generation) (16GB) }
{ platform:iOS Simulator, arch:x86_64, id:0B350A38-2B3C-4613-9F6E-84C463DAD8D9, OS:18.3.1, name:iPad Pro (11-inch) (4th generation) (16GB) }
{ platform:iOS Simulator, arch:arm64, id:70197C61-2D86-43BE-B467-BC5AF22FE766, OS:18.3.1, name:iPad Pro 11-inch (M4) }
{ platform:iOS Simulator, arch:x86_64, id:70197C61-2D86-43BE-B467-BC5AF22FE766, OS:18.3.1, name:iPad Pro 11-inch (M4) }
{ platform:iOS Simulator, arch:arm64, id:B9C5E5F4-4487-495F-A1A1-102B7E502A88, OS:26.1, name:iPad Pro 11-inch (M5) }
{ platform:iOS Simulator, arch:x86_64, id:B9C5E5F4-4487-495F-A1A1-102B7E502A88, OS:26.1, name:iPad Pro 11-inch (M5) }
{ platform:iOS Simulator, arch:arm64, id:93C816D7-A8D2-495B-A54F-52D29E113FAB, OS:18.3.1, name:iPad Pro 13-inch (M4) }
{ platform:iOS Simulator, arch:x86_64, id:93C816D7-A8D2-495B-A54F-52D29E113FAB, OS:18.3.1, name:iPad Pro 13-inch (M4) }
{ platform:iOS Simulator, arch:arm64, id:D040C605-0E80-472B-8A17-91AF77458A4D, OS:26.1, name:iPad Pro 13-inch (M5) }
{ platform:iOS Simulator, arch:x86_64, id:D040C605-0E80-472B-8A17-91AF77458A4D, OS:26.1, name:iPad Pro 13-inch (M5) }
{ platform:iOS Simulator, arch:arm64, id:11885855-AB56-43EA-80D1-8DE0A0DC3322, OS:18.3.1, name:iPad mini (A17 Pro) }
{ platform:iOS Simulator, arch:x86_64, id:11885855-AB56-43EA-80D1-8DE0A0DC3322, OS:18.3.1, name:iPad mini (A17 Pro) }
{ platform:iOS Simulator, arch:arm64, id:D95AABCF-C418-4317-94BD-D6F5F2C94368, OS:26.1, name:iPad mini (A17 Pro) }
{ platform:iOS Simulator, arch:x86_64, id:D95AABCF-C418-4317-94BD-D6F5F2C94368, OS:26.1, name:iPad mini (A17 Pro) }
{ platform:iOS Simulator, arch:arm64, id:30047E48-B348-4500-AD3C-5539832BE92F, OS:18.3.1, name:iPad-18.3 }
{ platform:iOS Simulator, arch:x86_64, id:30047E48-B348-4500-AD3C-5539832BE92F, OS:18.3.1, name:iPad-18.3 }
{ platform:iOS Simulator, arch:arm64, id:7EBB66C3-F14B-4E41-8045-3A75AC603EA0, OS:18.3.1, name:iPhone 15 Pro Max }
{ platform:iOS Simulator, arch:x86_64, id:7EBB66C3-F14B-4E41-8045-3A75AC603EA0, OS:18.3.1, name:iPhone 15 Pro Max }
{ platform:iOS Simulator, arch:arm64, id:70FA5193-97D9-4A0C-9129-73CDBFB92BEB, OS:18.3.1, name:iPhone 16 }
{ platform:iOS Simulator, arch:x86_64, id:70FA5193-97D9-4A0C-9129-73CDBFB92BEB, OS:18.3.1, name:iPhone 16 }
{ platform:iOS Simulator, arch:arm64, id:65BEB94D-9044-4EE2-832A-B92E4CE67740, OS:18.3.1, name:iPhone 16 Plus }
{ platform:iOS Simulator, arch:x86_64, id:65BEB94D-9044-4EE2-832A-B92E4CE67740, OS:18.3.1, name:iPhone 16 Plus }
{ platform:iOS Simulator, arch:arm64, id:0713C3A8-F6A6-4A12-A70F-905AEC94999B, OS:18.3.1, name:iPhone 16 Pro }
{ platform:iOS Simulator, arch:x86_64, id:0713C3A8-F6A6-4A12-A70F-905AEC94999B, OS:18.3.1, name:iPhone 16 Pro }
{ platform:iOS Simulator, arch:arm64, id:772E52C8-0644-4679-8F93-D580EC1183B7, OS:18.3.1, name:iPhone 16 Pro }
{ platform:iOS Simulator, arch:x86_64, id:772E52C8-0644-4679-8F93-D580EC1183B7, OS:18.3.1, name:iPhone 16 Pro }
{ platform:iOS Simulator, arch:arm64, id:A8858699-8A4F-4B13-B8C7-973BAA481428, OS:18.3.1, name:iPhone 16 Pro }
{ platform:iOS Simulator, arch:x86_64, id:A8858699-8A4F-4B13-B8C7-973BAA481428, OS:18.3.1, name:iPhone 16 Pro }
{ platform:iOS Simulator, arch:arm64, id:ADC5771C-764F-4E9B-BC5F-CDD2F7E95F48, OS:18.3.1, name:iPhone 16 Pro }
{ platform:iOS Simulator, arch:x86_64, id:ADC5771C-764F-4E9B-BC5F-CDD2F7E95F48, OS:18.3.1, name:iPhone 16 Pro }
{ platform:iOS Simulator, arch:arm64, id:D8672040-DF5A-472E-BA0C-4037F2E57B1D, OS:18.3.1, name:iPhone 16 Pro Max }
{ platform:iOS Simulator, arch:x86_64, id:D8672040-DF5A-472E-BA0C-4037F2E57B1D, OS:18.3.1, name:iPhone 16 Pro Max }
{ platform:iOS Simulator, arch:arm64, id:F3B1702E-9C2F-4C57-BCEC-F56AA43D14A7, OS:18.3.1, name:iPhone 16e }
{ platform:iOS Simulator, arch:x86_64, id:F3B1702E-9C2F-4C57-BCEC-F56AA43D14A7, OS:18.3.1, name:iPhone 16e }
{ platform:iOS Simulator, arch:arm64, id:04D0336D-B78F-4D3E-A667-B37DE2DEED52, OS:26.1, name:iPhone 16e }
{ platform:iOS Simulator, arch:x86_64, id:04D0336D-B78F-4D3E-A667-B37DE2DEED52, OS:26.1, name:iPhone 16e }
{ platform:iOS Simulator, arch:arm64, id:B5C34377-2E8B-4E70-B1AB-70E4327543A6, OS:26.1, name:iPhone 17 }
{ platform:iOS Simulator, arch:x86_64, id:B5C34377-2E8B-4E70-B1AB-70E4327543A6, OS:26.1, name:iPhone 17 }
{ platform:iOS Simulator, arch:arm64, id:549B7AE9-2B07-4DE9-BBC7-49C0926483C7, OS:26.1, name:iPhone 17 Pro }
{ platform:iOS Simulator, arch:x86_64, id:549B7AE9-2B07-4DE9-BBC7-49C0926483C7, OS:26.1, name:iPhone 17 Pro }
{ platform:iOS Simulator, arch:arm64, id:83725B0F-4ADF-4DDC-A602-4C9DE95F87D1, OS:26.1, name:iPhone 17 Pro Max }
{ platform:iOS Simulator, arch:x86_64, id:83725B0F-4ADF-4DDC-A602-4C9DE95F87D1, OS:26.1, name:iPhone 17 Pro Max }
{ platform:iOS Simulator, arch:arm64, id:00D80E57-0EC1-46EF-B96D-90BF4CB28881, OS:26.1, name:iPhone 17 pro }
{ platform:iOS Simulator, arch:x86_64, id:00D80E57-0EC1-46EF-B96D-90BF4CB28881, OS:26.1, name:iPhone 17 pro }
{ platform:iOS Simulator, arch:arm64, id:34593AB7-7C18-4E2C-8DC9-F0B0E3391716, OS:26.1, name:iPhone Air }
{ platform:iOS Simulator, arch:x86_64, id:34593AB7-7C18-4E2C-8DC9-F0B0E3391716, OS:26.1, name:iPhone Air }
{ platform:iOS Simulator, arch:arm64, id:4EF47658-6734-4CF6-A90B-377F9A8C2C04, OS:26.1, name:iPhone SE (3rd generation) }
{ platform:iOS Simulator, arch:x86_64, id:4EF47658-6734-4CF6-A90B-377F9A8C2C04, OS:26.1, name:iPhone SE (3rd generation) }
{ platform:iOS Simulator, arch:arm64, id:A9EEE050-715F-4BE6-8CDA-DA82610C4344, OS:18.3.1, name:ipad }
{ platform:iOS Simulator, arch:x86_64, id:A9EEE050-715F-4BE6-8CDA-DA82610C4344, OS:18.3.1, name:ipad }
note: Using codesigning identity override: -
ComputePackagePrebuildTargetDependencyGraph

Prepare packages

CreateBuildRequest

SendProjectDescription

CreateBuildOperation

ComputeTargetDependencyGraph
note: Building targets in dependency order
note: Target dependency graph (68 targets)
    Target 'FuelFlex' in project 'FuelFlex'
        ➜ Explicit dependency on target 'FirebaseDatabase' in project 'Firebase'
        ➜ Explicit dependency on target 'FirebaseFirestoreCombine-Community' in project 'Firebase'
        ➜ Explicit dependency on target 'FirebaseAuth' in project 'Firebase'
        ➜ Explicit dependency on target 'FirebaseStorage' in project 'Firebase'
        ➜ Explicit dependency on target 'FirebaseFirestore' in project 'Firebase'
    Target 'FirebaseFirestore' in project 'Firebase'
        ➜ Explicit dependency on target 'FirebaseFirestoreTarget' in project 'Firebase'
        ➜ Explicit dependency on target 'FirebaseFirestoreInternalWrapper' in project 'Firebase'
        ➜ Explicit dependency on target 'FirebaseAppCheckInterop' in project 'Firebase'
        ➜ Explicit dependency on target 'Firebase' in project 'Firebase'
        ➜ Explicit dependency on target 'FirebaseCoreInternal' in project 'Firebase'
        ➜ Explicit dependency on target 'FirebaseCore' in project 'Firebase'
        ➜ Explicit dependency on target 'FirebaseCoreExtension' in project 'Firebase'
        ➜ Explicit dependency on target 'FirebaseSharedSwift' in project 'Firebase'
        ➜ Explicit dependency on target 'FirebaseFirestore' in project 'Firebase'
        ➜ Explicit dependency on target 'GULNSData' in project 'GoogleUtilities'
        ➜ Explicit dependency on target 'GULEnvironment' in project 'GoogleUtilities'
        ➜ Explicit dependency on target 'GULLogger' in project 'GoogleUtilities'
        ➜ Explicit dependency on target 'abseil' in project 'abseil'
        ➜ Explicit dependency on target 'gRPC-C++' in project 'gRPC'
        ➜ Explicit dependency on target 'nanopb' in project 'nanopb'
        ➜ Explicit dependency on target 'leveldb' in project 'leveldb'
    Target 'FirebaseStorage' in project 'Firebase'
        ➜ Explicit dependency on target 'FirebaseStorage' in project 'Firebase'
        ➜ Explicit dependency on target 'FirebaseAppCheckInterop' in project 'Firebase'
        ➜ Explicit dependency on target 'FirebaseAuthInterop' in project 'Firebase'
        ➜ Explicit dependency on target 'Firebase' in project 'Firebase'
        ➜ Explicit dependency on target 'FirebaseCoreInternal' in project 'Firebase'
        ➜ Explicit dependency on target 'FirebaseCore' in project 'Firebase'
        ➜ Explicit dependency on target 'FirebaseCoreExtension' in project 'Firebase'
        ➜ Explicit dependency on target 'GULNSData' in project 'GoogleUtilities'
        ➜ Explicit dependency on target 'GULEnvironment' in project 'GoogleUtilities'
        ➜ Explicit dependency on target 'GULLogger' in project 'GoogleUtilities'
        ➜ Explicit dependency on target 'GTMSessionFetcherCore' in project 'GTMSessionFetcher'
    Target 'FirebaseStorage' in project 'Firebase'
        ➜ Explicit dependency on target 'FirebaseAppCheckInterop' in project 'Firebase'
        ➜ Explicit dependency on target 'FirebaseAuthInterop' in project 'Firebase'
        ➜ Explicit dependency on target 'Firebase' in project 'Firebase'
        ➜ Explicit dependency on target 'FirebaseCoreInternal' in project 'Firebase'
        ➜ Explicit dependency on target 'FirebaseCore' in project 'Firebase'
        ➜ Explicit dependency on target 'FirebaseCoreExtension' in project 'Firebase'
        ➜ Explicit dependency on target 'GULNSData' in project 'GoogleUtilities'
        ➜ Explicit dependency on target 'GULEnvironment' in project 'GoogleUtilities'
        ➜ Explicit dependency on target 'GULLogger' in project 'GoogleUtilities'
        ➜ Explicit dependency on target 'GTMSessionFetcherCore' in project 'GTMSessionFetcher'
    Target 'FirebaseAuth' in project 'Firebase'
        ➜ Explicit dependency on target 'FirebaseAuth' in project 'Firebase'
        ➜ Explicit dependency on target 'Firebase_FirebaseAuth' in project 'Firebase'
        ➜ Explicit dependency on target 'FirebaseAppCheckInterop' in project 'Firebase'
        ➜ Explicit dependency on target 'FirebaseAuthInterop' in project 'Firebase'
        ➜ Explicit dependency on target 'FirebaseAuthInternal' in project 'Firebase'
        ➜ Explicit dependency on target 'Firebase' in project 'Firebase'
        ➜ Explicit dependency on target 'FirebaseCoreInternal' in project 'Firebase'
        ➜ Explicit dependency on target 'FirebaseCore' in project 'Firebase'
        ➜ Explicit dependency on target 'FirebaseCoreExtension' in project 'Firebase'
        ➜ Explicit dependency on target 'RecaptchaInterop' in project 'InteropForGoogle'
        ➜ Explicit dependency on target 'GULNSData' in project 'GoogleUtilities'
        ➜ Explicit dependency on target 'GULEnvironment' in project 'GoogleUtilities'
        ➜ Explicit dependency on target 'GULLogger' in project 'GoogleUtilities'
        ➜ Explicit dependency on target 'GULAppDelegateSwizzler' in project 'GoogleUtilities'
        ➜ Explicit dependency on target 'GTMSessionFetcherCore' in project 'GTMSessionFetcher'
    Target 'FirebaseAuth' in project 'Firebase'
        ➜ Explicit dependency on target 'Firebase_FirebaseAuth' in project 'Firebase'
        ➜ Explicit dependency on target 'FirebaseAppCheckInterop' in project 'Firebase'
        ➜ Explicit dependency on target 'FirebaseAuthInterop' in project 'Firebase'
        ➜ Explicit dependency on target 'FirebaseAuthInternal' in project 'Firebase'
        ➜ Explicit dependency on target 'Firebase' in project 'Firebase'
        ➜ Explicit dependency on target 'FirebaseCoreInternal' in project 'Firebase'
        ➜ Explicit dependency on target 'FirebaseCore' in project 'Firebase'
        ➜ Explicit dependency on target 'FirebaseCoreExtension' in project 'Firebase'
        ➜ Explicit dependency on target 'RecaptchaInterop' in project 'InteropForGoogle'
        ➜ Explicit dependency on target 'GULNSData' in project 'GoogleUtilities'
        ➜ Explicit dependency on target 'GULEnvironment' in project 'GoogleUtilities'
        ➜ Explicit dependency on target 'GULLogger' in project 'GoogleUtilities'
        ➜ Explicit dependency on target 'GULAppDelegateSwizzler' in project 'GoogleUtilities'
        ➜ Explicit dependency on target 'GTMSessionFetcherCore' in project 'GTMSessionFetcher'
    Target 'GTMSessionFetcherCore' in project 'GTMSessionFetcher'
        ➜ Explicit dependency on target 'GTMSessionFetcherCore' in project 'GTMSessionFetcher'
        ➜ Explicit dependency on target 'GTMSessionFetcher_GTMSessionFetcherCore' in project 'GTMSessionFetcher'
    Target 'GTMSessionFetcherCore' in project 'GTMSessionFetcher'
        ➜ Explicit dependency on target 'GTMSessionFetcher_GTMSessionFetcherCore' in project 'GTMSessionFetcher'
    Target 'GTMSessionFetcher_GTMSessionFetcherCore' in project 'GTMSessionFetcher' (no dependencies)
    Target 'GULAppDelegateSwizzler' in project 'GoogleUtilities'
        ➜ Explicit dependency on target 'GoogleUtilities-AppDelegateSwizzler' in project 'GoogleUtilities'
        ➜ Explicit dependency on target 'GoogleUtilities_GoogleUtilities-AppDelegateSwizzler' in project 'GoogleUtilities'
        ➜ Explicit dependency on target 'third-party-IsAppEncrypted' in project 'GoogleUtilities'
        ➜ Explicit dependency on target 'GoogleUtilities-Environment' in project 'GoogleUtilities'
        ➜ Explicit dependency on target 'GoogleUtilities-Logger' in project 'GoogleUtilities'
        ➜ Explicit dependency on target 'GoogleUtilities-NSData' in project 'GoogleUtilities'
        ➜ Explicit dependency on target 'GoogleUtilities-Reachability' in project 'GoogleUtilities'
        ➜ Explicit dependency on target 'GoogleUtilities-Network' in project 'GoogleUtilities'
    Target 'GoogleUtilities-AppDelegateSwizzler' in project 'GoogleUtilities'
        ➜ Explicit dependency on target 'GoogleUtilities_GoogleUtilities-AppDelegateSwizzler' in project 'GoogleUtilities'
        ➜ Explicit dependency on target 'third-party-IsAppEncrypted' in project 'GoogleUtilities'
        ➜ Explicit dependency on target 'GoogleUtilities-Environment' in project 'GoogleUtilities'
        ➜ Explicit dependency on target 'GoogleUtilities-Logger' in project 'GoogleUtilities'
        ➜ Explicit dependency on target 'GoogleUtilities-NSData' in project 'GoogleUtilities'
        ➜ Explicit dependency on target 'GoogleUtilities-Reachability' in project 'GoogleUtilities'
        ➜ Explicit dependency on target 'GoogleUtilities-Network' in project 'GoogleUtilities'
    Target 'GoogleUtilities-Network' in project 'GoogleUtilities'
        ➜ Explicit dependency on target 'GoogleUtilities_GoogleUtilities-Network' in project 'GoogleUtilities'
        ➜ Explicit dependency on target 'third-party-IsAppEncrypted' in project 'GoogleUtilities'
        ➜ Explicit dependency on target 'GoogleUtilities-Environment' in project 'GoogleUtilities'
        ➜ Explicit dependency on target 'GoogleUtilities-Logger' in project 'GoogleUtilities'
        ➜ Explicit dependency on target 'GoogleUtilities-NSData' in project 'GoogleUtilities'
        ➜ Explicit dependency on target 'GoogleUtilities-Reachability' in project 'GoogleUtilities'
    Target 'GoogleUtilities_GoogleUtilities-Network' in project 'GoogleUtilities' (no dependencies)
    Target 'GoogleUtilities-Reachability' in project 'GoogleUtilities'
        ➜ Explicit dependency on target 'GoogleUtilities_GoogleUtilities-Reachability' in project 'GoogleUtilities'
        ➜ Explicit dependency on target 'third-party-IsAppEncrypted' in project 'GoogleUtilities'
        ➜ Explicit dependency on target 'GoogleUtilities-Environment' in project 'GoogleUtilities'
        ➜ Explicit dependency on target 'GoogleUtilities-Logger' in project 'GoogleUtilities'
    Target 'GoogleUtilities_GoogleUtilities-Reachability' in project 'GoogleUtilities' (no dependencies)
    Target 'GoogleUtilities_GoogleUtilities-AppDelegateSwizzler' in project 'GoogleUtilities' (no dependencies)
    Target 'FirebaseAuthInternal' in project 'Firebase'
        ➜ Explicit dependency on target 'RecaptchaInterop' in project 'InteropForGoogle'
    Target 'RecaptchaInterop' in project 'InteropForGoogle'
        ➜ Explicit dependency on target 'RecaptchaInterop' in project 'InteropForGoogle'
    Target 'RecaptchaInterop' in project 'InteropForGoogle' (no dependencies)
    Target 'FirebaseAuthInterop' in project 'Firebase' (no dependencies)
    Target 'Firebase_FirebaseAuth' in project 'Firebase' (no dependencies)
    Target 'FirebaseFirestoreCombine-Community' in project 'Firebase'
        ➜ Explicit dependency on target 'FirebaseFirestoreCombineSwift' in project 'Firebase'
        ➜ Explicit dependency on target 'FirebaseFirestoreInternalWrapper' in project 'Firebase'
        ➜ Explicit dependency on target 'FirebaseAppCheckInterop' in project 'Firebase'
        ➜ Explicit dependency on target 'Firebase' in project 'Firebase'
        ➜ Explicit dependency on target 'FirebaseCoreInternal' in project 'Firebase'
        ➜ Explicit dependency on target 'FirebaseCore' in project 'Firebase'
        ➜ Explicit dependency on target 'FirebaseCoreExtension' in project 'Firebase'
        ➜ Explicit dependency on target 'FirebaseSharedSwift' in project 'Firebase'
        ➜ Explicit dependency on target 'FirebaseFirestore' in project 'Firebase'
        ➜ Explicit dependency on target 'FirebaseFirestoreTarget' in project 'Firebase'
        ➜ Explicit dependency on target 'GULNSData' in project 'GoogleUtilities'
        ➜ Explicit dependency on target 'GULEnvironment' in project 'GoogleUtilities'
        ➜ Explicit dependency on target 'GULLogger' in project 'GoogleUtilities'
        ➜ Explicit dependency on target 'abseil' in project 'abseil'
        ➜ Explicit dependency on target 'gRPC-C++' in project 'gRPC'
        ➜ Explicit dependency on target 'nanopb' in project 'nanopb'
        ➜ Explicit dependency on target 'leveldb' in project 'leveldb'
    Target 'FirebaseFirestoreCombineSwift' in project 'Firebase'
        ➜ Explicit dependency on target 'FirebaseFirestoreInternalWrapper' in project 'Firebase'
        ➜ Explicit dependency on target 'FirebaseAppCheckInterop' in project 'Firebase'
        ➜ Explicit dependency on target 'Firebase' in project 'Firebase'
        ➜ Explicit dependency on target 'FirebaseCoreInternal' in project 'Firebase'
        ➜ Explicit dependency on target 'FirebaseCore' in project 'Firebase'
        ➜ Explicit dependency on target 'FirebaseCoreExtension' in project 'Firebase'
        ➜ Explicit dependency on target 'FirebaseSharedSwift' in project 'Firebase'
        ➜ Explicit dependency on target 'FirebaseFirestore' in project 'Firebase'
        ➜ Explicit dependency on target 'FirebaseFirestoreTarget' in project 'Firebase'
        ➜ Explicit dependency on target 'GULNSData' in project 'GoogleUtilities'
        ➜ Explicit dependency on target 'GULEnvironment' in project 'GoogleUtilities'
        ➜ Explicit dependency on target 'GULLogger' in project 'GoogleUtilities'
        ➜ Explicit dependency on target 'abseil' in project 'abseil'
        ➜ Explicit dependency on target 'gRPC-C++' in project 'gRPC'
        ➜ Explicit dependency on target 'nanopb' in project 'nanopb'
        ➜ Explicit dependency on target 'leveldb' in project 'leveldb'
    Target 'FirebaseFirestoreTarget' in project 'Firebase'
        ➜ Explicit dependency on target 'FirebaseFirestoreInternalWrapper' in project 'Firebase'
        ➜ Explicit dependency on target 'FirebaseAppCheckInterop' in project 'Firebase'
        ➜ Explicit dependency on target 'Firebase' in project 'Firebase'
        ➜ Explicit dependency on target 'FirebaseCoreInternal' in project 'Firebase'
        ➜ Explicit dependency on target 'FirebaseCore' in project 'Firebase'
        ➜ Explicit dependency on target 'FirebaseCoreExtension' in project 'Firebase'
        ➜ Explicit dependency on target 'FirebaseSharedSwift' in project 'Firebase'
        ➜ Explicit dependency on target 'FirebaseFirestore' in project 'Firebase'
        ➜ Explicit dependency on target 'GULNSData' in project 'GoogleUtilities'
        ➜ Explicit dependency on target 'GULEnvironment' in project 'GoogleUtilities'
        ➜ Explicit dependency on target 'GULLogger' in project 'GoogleUtilities'
        ➜ Explicit dependency on target 'abseil' in project 'abseil'
        ➜ Explicit dependency on target 'gRPC-C++' in project 'gRPC'
        ➜ Explicit dependency on target 'nanopb' in project 'nanopb'
        ➜ Explicit dependency on target 'leveldb' in project 'leveldb'
    Target 'FirebaseFirestore' in project 'Firebase'
        ➜ Explicit dependency on target 'Firebase_FirebaseFirestore' in project 'Firebase'
        ➜ Explicit dependency on target 'FirebaseFirestoreInternalWrapper' in project 'Firebase'
        ➜ Explicit dependency on target 'FirebaseAppCheckInterop' in project 'Firebase'
        ➜ Explicit dependency on target 'Firebase' in project 'Firebase'
        ➜ Explicit dependency on target 'FirebaseCoreInternal' in project 'Firebase'
        ➜ Explicit dependency on target 'FirebaseCore' in project 'Firebase'
        ➜ Explicit dependency on target 'FirebaseCoreExtension' in project 'Firebase'
        ➜ Explicit dependency on target 'FirebaseSharedSwift' in project 'Firebase'
        ➜ Explicit dependency on target 'GULNSData' in project 'GoogleUtilities'
        ➜ Explicit dependency on target 'GULEnvironment' in project 'GoogleUtilities'
        ➜ Explicit dependency on target 'GULLogger' in project 'GoogleUtilities'
        ➜ Explicit dependency on target 'abseil' in project 'abseil'
        ➜ Explicit dependency on target 'gRPC-C++' in project 'gRPC'
        ➜ Explicit dependency on target 'nanopb' in project 'nanopb'
        ➜ Explicit dependency on target 'leveldb' in project 'leveldb'
    Target 'nanopb' in project 'nanopb'
        ➜ Explicit dependency on target 'nanopb' in project 'nanopb'
        ➜ Explicit dependency on target 'nanopb_nanopb' in project 'nanopb'
    Target 'nanopb' in project 'nanopb'
        ➜ Explicit dependency on target 'nanopb_nanopb' in project 'nanopb'
    Target 'nanopb_nanopb' in project 'nanopb' (no dependencies)
    Target 'gRPC-C++' in project 'gRPC'
        ➜ Explicit dependency on target 'grpcppWrapper' in project 'gRPC'
        ➜ Explicit dependency on target 'gRPC_grpcppWrapper' in project 'gRPC'
        ➜ Explicit dependency on target 'grpcWrapper' in project 'gRPC'
        ➜ Explicit dependency on target 'opensslWrapper' in project 'gRPC'
        ➜ Explicit dependency on target 'abseil' in project 'abseil'
    Target 'grpcppWrapper' in project 'gRPC'
        ➜ Explicit dependency on target 'gRPC_grpcppWrapper' in project 'gRPC'
        ➜ Explicit dependency on target 'grpcWrapper' in project 'gRPC'
        ➜ Explicit dependency on target 'opensslWrapper' in project 'gRPC'
        ➜ Explicit dependency on target 'abseil' in project 'abseil'
    Target 'opensslWrapper' in project 'gRPC'
        ➜ Explicit dependency on target 'gRPC_opensslWrapper' in project 'gRPC'
    Target 'gRPC_opensslWrapper' in project 'gRPC' (no dependencies)
    Target 'grpcWrapper' in project 'gRPC'
        ➜ Explicit dependency on target 'gRPC_grpcWrapper' in project 'gRPC'
    Target 'gRPC_grpcWrapper' in project 'gRPC' (no dependencies)
    Target 'gRPC_grpcppWrapper' in project 'gRPC' (no dependencies)
    Target 'abseil' in project 'abseil'
        ➜ Explicit dependency on target 'abslWrapper' in project 'abseil'
        ➜ Explicit dependency on target 'abseil_abslWrapper' in project 'abseil'
    Target 'abslWrapper' in project 'abseil'
        ➜ Explicit dependency on target 'abseil_abslWrapper' in project 'abseil'
    Target 'abseil_abslWrapper' in project 'abseil' (no dependencies)
    Target 'Firebase_FirebaseFirestore' in project 'Firebase' (no dependencies)
    Target 'FirebaseCoreExtension' in project 'Firebase'
        ➜ Explicit dependency on target 'Firebase_FirebaseCoreExtension' in project 'Firebase'
    Target 'Firebase_FirebaseCoreExtension' in project 'Firebase' (no dependencies)
    Target 'FirebaseFirestoreInternalWrapper' in project 'Firebase' (no dependencies)
    Target 'FirebaseDatabase' in project 'Firebase'
        ➜ Explicit dependency on target 'FirebaseDatabase' in project 'Firebase'
        ➜ Explicit dependency on target 'FirebaseAppCheckInterop' in project 'Firebase'
        ➜ Explicit dependency on target 'Firebase' in project 'Firebase'
        ➜ Explicit dependency on target 'FirebaseCoreInternal' in project 'Firebase'
        ➜ Explicit dependency on target 'FirebaseCore' in project 'Firebase'
        ➜ Explicit dependency on target 'FirebaseDatabaseInternal' in project 'Firebase'
        ➜ Explicit dependency on target 'FirebaseSharedSwift' in project 'Firebase'
        ➜ Explicit dependency on target 'GULNSData' in project 'GoogleUtilities'
        ➜ Explicit dependency on target 'GULEnvironment' in project 'GoogleUtilities'
        ➜ Explicit dependency on target 'GULLogger' in project 'GoogleUtilities'
        ➜ Explicit dependency on target 'leveldb' in project 'leveldb'
        ➜ Explicit dependency on target 'GULUserDefaults' in project 'GoogleUtilities'
    Target 'FirebaseDatabase' in project 'Firebase'
        ➜ Explicit dependency on target 'FirebaseAppCheckInterop' in project 'Firebase'
        ➜ Explicit dependency on target 'Firebase' in project 'Firebase'
        ➜ Explicit dependency on target 'FirebaseCoreInternal' in project 'Firebase'
        ➜ Explicit dependency on target 'FirebaseCore' in project 'Firebase'
        ➜ Explicit dependency on target 'FirebaseDatabaseInternal' in project 'Firebase'
        ➜ Explicit dependency on target 'FirebaseSharedSwift' in project 'Firebase'
        ➜ Explicit dependency on target 'GULNSData' in project 'GoogleUtilities'
        ➜ Explicit dependency on target 'GULEnvironment' in project 'GoogleUtilities'
        ➜ Explicit dependency on target 'GULLogger' in project 'GoogleUtilities'
        ➜ Explicit dependency on target 'leveldb' in project 'leveldb'
        ➜ Explicit dependency on target 'GULUserDefaults' in project 'GoogleUtilities'
    Target 'FirebaseSharedSwift' in project 'Firebase' (no dependencies)
    Target 'FirebaseDatabaseInternal' in project 'Firebase'
        ➜ Explicit dependency on target 'FirebaseAppCheckInterop' in project 'Firebase'
        ➜ Explicit dependency on target 'Firebase' in project 'Firebase'
        ➜ Explicit dependency on target 'FirebaseCoreInternal' in project 'Firebase'
        ➜ Explicit dependency on target 'FirebaseCore' in project 'Firebase'
        ➜ Explicit dependency on target 'GULNSData' in project 'GoogleUtilities'
        ➜ Explicit dependency on target 'GULEnvironment' in project 'GoogleUtilities'
        ➜ Explicit dependency on target 'GULLogger' in project 'GoogleUtilities'
        ➜ Explicit dependency on target 'leveldb' in project 'leveldb'
        ➜ Explicit dependency on target 'GULUserDefaults' in project 'GoogleUtilities'
    Target 'GULUserDefaults' in project 'GoogleUtilities'
        ➜ Explicit dependency on target 'GoogleUtilities-UserDefaults' in project 'GoogleUtilities'
        ➜ Explicit dependency on target 'GoogleUtilities_GoogleUtilities-UserDefaults' in project 'GoogleUtilities'
        ➜ Explicit dependency on target 'third-party-IsAppEncrypted' in project 'GoogleUtilities'
        ➜ Explicit dependency on target 'GoogleUtilities-Environment' in project 'GoogleUtilities'
        ➜ Explicit dependency on target 'GoogleUtilities-Logger' in project 'GoogleUtilities'
    Target 'GoogleUtilities-UserDefaults' in project 'GoogleUtilities'
        ➜ Explicit dependency on target 'GoogleUtilities_GoogleUtilities-UserDefaults' in project 'GoogleUtilities'
        ➜ Explicit dependency on target 'third-party-IsAppEncrypted' in project 'GoogleUtilities'
        ➜ Explicit dependency on target 'GoogleUtilities-Environment' in project 'GoogleUtilities'
        ➜ Explicit dependency on target 'GoogleUtilities-Logger' in project 'GoogleUtilities'
    Target 'GoogleUtilities_GoogleUtilities-UserDefaults' in project 'GoogleUtilities' (no dependencies)
    Target 'leveldb' in project 'leveldb'
        ➜ Explicit dependency on target 'leveldb' in project 'leveldb'
        ➜ Explicit dependency on target 'leveldb_leveldb' in project 'leveldb'
    Target 'leveldb' in project 'leveldb'
        ➜ Explicit dependency on target 'leveldb_leveldb' in project 'leveldb'
    Target 'leveldb_leveldb' in project 'leveldb' (no dependencies)
    Target 'FirebaseCore' in project 'Firebase'
        ➜ Explicit dependency on target 'Firebase_FirebaseCore' in project 'Firebase'
        ➜ Explicit dependency on target 'Firebase' in project 'Firebase'
        ➜ Explicit dependency on target 'FirebaseCoreInternal' in project 'Firebase'
        ➜ Explicit dependency on target 'GULNSData' in project 'GoogleUtilities'
        ➜ Explicit dependency on target 'GULEnvironment' in project 'GoogleUtilities'
        ➜ Explicit dependency on target 'GULLogger' in project 'GoogleUtilities'
    Target 'GULLogger' in project 'GoogleUtilities'
        ➜ Explicit dependency on target 'GoogleUtilities-Logger' in project 'GoogleUtilities'
        ➜ Explicit dependency on target 'GoogleUtilities_GoogleUtilities-Logger' in project 'GoogleUtilities'
        ➜ Explicit dependency on target 'third-party-IsAppEncrypted' in project 'GoogleUtilities'
        ➜ Explicit dependency on target 'GoogleUtilities-Environment' in project 'GoogleUtilities'
    Target 'GoogleUtilities-Logger' in project 'GoogleUtilities'
        ➜ Explicit dependency on target 'GoogleUtilities_GoogleUtilities-Logger' in project 'GoogleUtilities'
        ➜ Explicit dependency on target 'third-party-IsAppEncrypted' in project 'GoogleUtilities'
        ➜ Explicit dependency on target 'GoogleUtilities-Environment' in project 'GoogleUtilities'
    Target 'GoogleUtilities_GoogleUtilities-Logger' in project 'GoogleUtilities' (no dependencies)
    Target 'GULEnvironment' in project 'GoogleUtilities'
        ➜ Explicit dependency on target 'GoogleUtilities-Environment' in project 'GoogleUtilities'
        ➜ Explicit dependency on target 'GoogleUtilities_GoogleUtilities-Environment' in project 'GoogleUtilities'
        ➜ Explicit dependency on target 'third-party-IsAppEncrypted' in project 'GoogleUtilities'
    Target 'GoogleUtilities-Environment' in project 'GoogleUtilities'
        ➜ Explicit dependency on target 'GoogleUtilities_GoogleUtilities-Environment' in project 'GoogleUtilities'
        ➜ Explicit dependency on target 'third-party-IsAppEncrypted' in project 'GoogleUtilities'
    Target 'third-party-IsAppEncrypted' in project 'GoogleUtilities' (no dependencies)
    Target 'GoogleUtilities_GoogleUtilities-Environment' in project 'GoogleUtilities' (no dependencies)
    Target 'Firebase_FirebaseCore' in project 'Firebase' (no dependencies)
    Target 'FirebaseCoreInternal' in project 'Firebase'
        ➜ Explicit dependency on target 'Firebase_FirebaseCoreInternal' in project 'Firebase'
        ➜ Explicit dependency on target 'GULNSData' in project 'GoogleUtilities'
    Target 'GULNSData' in project 'GoogleUtilities'
        ➜ Explicit dependency on target 'GoogleUtilities-NSData' in project 'GoogleUtilities'
        ➜ Explicit dependency on target 'GoogleUtilities_GoogleUtilities-NSData' in project 'GoogleUtilities'
    Target 'GoogleUtilities-NSData' in project 'GoogleUtilities'
        ➜ Explicit dependency on target 'GoogleUtilities_GoogleUtilities-NSData' in project 'GoogleUtilities'
    Target 'GoogleUtilities_GoogleUtilities-NSData' in project 'GoogleUtilities' (no dependencies)
    Target 'Firebase_FirebaseCoreInternal' in project 'Firebase' (no dependencies)
    Target 'Firebase' in project 'Firebase' (no dependencies)
    Target 'FirebaseAppCheckInterop' in project 'Firebase' (no dependencies)

GatherProvisioningInputs

CreateBuildDescription

ExecuteExternalTool /Applications/Xcode.app/Contents/Developer/Toolchains/XcodeDefault.xctoolchain/usr/bin/clang -v -E -dM -arch arm64 -isysroot /Applications/Xcode.app/Contents/Developer/Platforms/iPhoneOS.platform/Developer/SDKs/iPhoneOS26.1.sdk -x objective-c -c /dev/null

ExecuteExternalTool /Applications/Xcode.app/Contents/Developer/Toolchains/XcodeDefault.xctoolchain/usr/bin/swiftc --version

ExecuteExternalTool /Applications/Xcode.app/Contents/Developer/Toolchains/XcodeDefault.xctoolchain/usr/bin/clang -v -E -dM -isysroot /Applications/Xcode.app/Contents/Developer/Platforms/iPhoneOS.platform/Developer/SDKs/iPhoneOS26.1.sdk -x c -c /dev/null

ExecuteExternalTool /Applications/Xcode.app/Contents/Developer/usr/bin/actool --print-asset-tag-combinations --output-format xml1 /Users/sdas4/Documents/FuelFlex/FuelFlex/FuelFlex/FuelFlex/Assets.xcassets

ExecuteExternalTool /Applications/Xcode.app/Contents/Developer/Toolchains/XcodeDefault.xctoolchain/usr/bin/clang -v -E -dM -arch arm64 -isysroot /Applications/Xcode.app/Contents/Developer/Platforms/iPhoneOS.platform/Developer/SDKs/iPhoneOS26.1.sdk -x c -c /dev/null

ExecuteExternalTool /Applications/Xcode.app/Contents/Developer/Toolchains/XcodeDefault.xctoolchain/usr/bin/clang -v -E -dM -arch arm64 -isysroot /Applications/Xcode.app/Contents/Developer/Platforms/iPhoneOS.platform/Developer/SDKs/iPhoneOS26.1.sdk -x c++ -c /dev/null

ExecuteExternalTool /Applications/Xcode.app/Contents/Developer/Toolchains/XcodeDefault.xctoolchain/usr/bin/ld -version_details

ExecuteExternalTool /Applications/Xcode.app/Contents/Developer/Toolchains/XcodeDefault.xctoolchain/usr/bin/clang -v -E -dM -arch arm64 -isysroot /Applications/Xcode.app/Contents/Developer/Platforms/iPhoneOS.platform/Developer/SDKs/iPhoneOS26.1.sdk -x objective-c++ -c /dev/null

ExecuteExternalTool /Applications/Xcode.app/Contents/Developer/usr/bin/actool --version --output-format xml1

Build description signature: 9f94d8b033f7f1f92265dd1a83477dfe
Build description path: /Users/sdas4/Documents/FuelFlex/FuelFlex/FuelFlex/build/Build/Intermediates.noindex/XCBuildData/9f94d8b033f7f1f92265dd1a83477dfe.xcbuilddata
error: Ad Hoc code signing is not allowed with SDK 'iOS 26.1'. (in target 'Firebase_FirebaseCore' from project 'Firebase')
error: Ad Hoc code signing is not allowed with SDK 'iOS 26.1'. (in target 'GoogleUtilities_GoogleUtilities-Environment' from project 'GoogleUtilities')
error: Ad Hoc code signing is not allowed with SDK 'iOS 26.1'. (in target 'abseil_abslWrapper' from project 'abseil')
error: Ad Hoc code signing is not allowed with SDK 'iOS 26.1'. (in target 'leveldb_leveldb' from project 'leveldb')
error: Ad Hoc code signing is not allowed with SDK 'iOS 26.1'. (in target 'gRPC_grpcWrapper' from project 'gRPC')
error: Ad Hoc code signing is not allowed with SDK 'iOS 26.1'. (in target 'gRPC_opensslWrapper' from project 'gRPC')
error: Ad Hoc code signing is not allowed with SDK 'iOS 26.1'. (in target 'GoogleUtilities_GoogleUtilities-NSData' from project 'GoogleUtilities')
error: Ad Hoc code signing is not allowed with SDK 'iOS 26.1'. (in target 'Firebase_FirebaseCoreExtension' from project 'Firebase')
error: Ad Hoc code signing is not allowed with SDK 'iOS 26.1'. (in target 'GoogleUtilities_GoogleUtilities-Network' from project 'GoogleUtilities')
error: Ad Hoc code signing is not allowed with SDK 'iOS 26.1'. (in target 'Firebase_FirebaseAuth' from project 'Firebase')
error: Ad Hoc code signing is not allowed with SDK 'iOS 26.1'. (in target 'GoogleUtilities_GoogleUtilities-Logger' from project 'GoogleUtilities')
error: Ad Hoc code signing is not allowed with SDK 'iOS 26.1'. (in target 'GTMSessionFetcher_GTMSessionFetcherCore' from project 'GTMSessionFetcher')
error: Ad Hoc code signing is not allowed with SDK 'iOS 26.1'. (in target 'gRPC_grpcppWrapper' from project 'gRPC')
error: Ad Hoc code signing is not allowed with SDK 'iOS 26.1'. (in target 'Firebase_FirebaseFirestore' from project 'Firebase')
error: Ad Hoc code signing is not allowed with SDK 'iOS 26.1'. (in target 'GoogleUtilities_GoogleUtilities-AppDelegateSwizzler' from project 'GoogleUtilities')
/Users/sdas4/Documents/FuelFlex/FuelFlex/FuelFlex/FuelFlex.xcodeproj: error: "FuelFlex" requires a provisioning profile. Enable development signing and select a provisioning profile in the Signing & Capabilities editor. (in target 'FuelFlex' from project 'FuelFlex')
error: Ad Hoc code signing is not allowed with SDK 'iOS 26.1'. (in target 'nanopb_nanopb' from project 'nanopb')
error: Ad Hoc code signing is not allowed with SDK 'iOS 26.1'. (in target 'GoogleUtilities_GoogleUtilities-Reachability' from project 'GoogleUtilities')
error: Ad Hoc code signing is not allowed with SDK 'iOS 26.1'. (in target 'Firebase_FirebaseCoreInternal' from project 'Firebase')
error: Ad Hoc code signing is not allowed with SDK 'iOS 26.1'. (in target 'GoogleUtilities_GoogleUtilities-UserDefaults' from project 'GoogleUtilities')
** BUILD FAILED **


The following build commands failed:
	Building workspace FuelFlex with scheme FuelFlex and configuration Debug
(1 failure)
